WAIT_BOOT (up to 10s)...
BOOT_READY
BL: OK BL mode=factory
STATUS: OK BL mode=factory factory_available=1 live_calibrated=0 live_frames=0
SETUP CLOSE ALL
[BEGIN 32-state sweep with FACTORY baseline]
STATE  0 truth=s00000 -> RESULT seq=1 cls32_idx=2 cls32_state=s01000 cls14=A1 second32_idx=6 second32_state=s01100 baseline=factory argmax_q=38 second_q=28 margin=10 infer_us=1893 cap_ms=1963 doors a=0 b=1 c=0 AB=0 BC=0
STATE  1 truth=s10000 -> RESULT seq=2 cls32_idx=1 cls32_state=s10000 cls14=A2 second32_idx=17 second32_state=s10001 baseline=factory argmax_q=94 second_q=59 margin=35 infer_us=1893 cap_ms=1963 doors a=1 b=0 c=0 AB=0 BC=0
STATE  2 truth=s01000 -> RESULT seq=3 cls32_idx=2 cls32_state=s01000 cls14=A1 second32_idx=6 second32_state=s01100 baseline=factory argmax_q=83 second_q=49 margin=34 infer_us=1893 cap_ms=1963 doors a=0 b=1 c=0 AB=0 BC=0
STATE  3 truth=s11000 -> RESULT seq=4 cls32_idx=3 cls32_state=s11000 cls14=A2 second32_idx=1 second32_state=s10000 baseline=factory argmax_q=66 second_q=35 margin=31 infer_us=1893 cap_ms=1963 doors a=1 b=1 c=0 AB=0 BC=0
STATE  4 truth=s00100 -> RESULT seq=5 cls32_idx=4 cls32_state=s00100 cls14=A1 second32_idx=6 second32_state=s01100 baseline=factory argmax_q=28 second_q=20 margin=8 infer_us=1893 cap_ms=1962 doors a=0 b=0 c=1 AB=0 BC=0
STATE  5 truth=s10100 -> RESULT seq=6 cls32_idx=5 cls32_state=s10100 cls14=A2 second32_idx=1 second32_state=s10000 baseline=factory argmax_q=68 second_q=53 margin=15 infer_us=1893 cap_ms=1963 doors a=1 b=0 c=1 AB=0 BC=0
STATE  6 truth=s01100 -> RESULT seq=7 cls32_idx=6 cls32_state=s01100 cls14=A1 second32_idx=2 second32_state=s01000 baseline=factory argmax_q=76 second_q=39 margin=37 infer_us=1893 cap_ms=1963 doors a=0 b=1 c=1 AB=0 BC=0
STATE  7 truth=s11100 -> RESULT seq=8 cls32_idx=3 cls32_state=s11000 cls14=A2 second32_idx=7 second32_state=s11100 baseline=factory argmax_q=33 second_q=33 margin=0 infer_us=1893 cap_ms=1963 doors a=1 b=1 c=0 AB=0 BC=0
STATE  8 truth=s00010 -> RESULT seq=9 cls32_idx=8 cls32_state=s00010 cls14=B1 second32_idx=10 second32_state=s01010 baseline=factory argmax_q=111 second_q=32 margin=79 infer_us=1893 cap_ms=1963 doors a=0 b=0 c=0 AB=1 BC=0
STATE  9 truth=s10010 -> RESULT seq=10 cls32_idx=9 cls32_state=s10010 cls14=B2 second32_idx=11 second32_state=s11010 baseline=factory argmax_q=101 second_q=34 margin=67 infer_us=1893 cap_ms=1962 doors a=1 b=0 c=0 AB=1 BC=0
STATE 10 truth=s01010 -> RESULT seq=11 cls32_idx=10 cls32_state=s01010 cls14=B3 second32_idx=8 second32_state=s00010 baseline=factory argmax_q=108 second_q=58 margin=50 infer_us=1893 cap_ms=1963 doors a=0 b=1 c=0 AB=1 BC=0
STATE 11 truth=s11010 -> RESULT seq=12 cls32_idx=11 cls32_state=s11010 cls14=B4 second32_idx=17 second32_state=s10001 baseline=factory argmax_q=102 second_q=38 margin=64 infer_us=1893 cap_ms=1963 doors a=1 b=1 c=0 AB=1 BC=0
STATE 12 truth=s00110 -> RESULT seq=13 cls32_idx=12 cls32_state=s00110 cls14=B1 second32_idx=8 second32_state=s00010 baseline=factory argmax_q=80 second_q=52 margin=28 infer_us=1893 cap_ms=1962 doors a=0 b=0 c=1 AB=1 BC=0
STATE 13 truth=s10110 -> RESULT seq=14 cls32_idx=13 cls32_state=s10110 cls14=B2 second32_idx=9 second32_state=s10010 baseline=factory argmax_q=81 second_q=32 margin=49 infer_us=1893 cap_ms=1962 doors a=1 b=0 c=1 AB=1 BC=0
STATE 14 truth=s01110 -> RESULT seq=15 cls32_idx=14 cls32_state=s01110 cls14=B3 second32_idx=10 second32_state=s01010 baseline=factory argmax_q=81 second_q=54 margin=27 infer_us=1893 cap_ms=1962 doors a=0 b=1 c=1 AB=1 BC=0
STATE 15 truth=s11110 -> RESULT seq=16 cls32_idx=15 cls32_state=s11110 cls14=B4 second32_idx=11 second32_state=s11010 baseline=factory argmax_q=60 second_q=51 margin=9 infer_us=1893 cap_ms=1963 doors a=1 b=1 c=1 AB=1 BC=0
STATE 16 truth=s00001 -> RESULT seq=17 cls32_idx=16 cls32_state=s00001 cls14=A1 second32_idx=18 second32_state=s01001 baseline=factory argmax_q=55 second_q=45 margin=10 infer_us=1893 cap_ms=1962 doors a=0 b=0 c=0 AB=0 BC=1
STATE 17 truth=s10001 -> RESULT seq=18 cls32_idx=17 cls32_state=s10001 cls14=A2 second32_idx=21 second32_state=s10101 baseline=factory argmax_q=123 second_q=50 margin=73 infer_us=1893 cap_ms=1963 doors a=1 b=0 c=0 AB=0 BC=1
STATE 18 truth=s01001 -> RESULT seq=19 cls32_idx=18 cls32_state=s01001 cls14=A1 second32_idx=22 second32_state=s01101 baseline=factory argmax_q=83 second_q=42 margin=41 infer_us=1893 cap_ms=1963 doors a=0 b=1 c=0 AB=0 BC=1
STATE 19 truth=s11001 -> RESULT seq=20 cls32_idx=19 cls32_state=s11001 cls14=A2 second32_idx=17 second32_state=s10001 baseline=factory argmax_q=69 second_q=67 margin=2 infer_us=1893 cap_ms=1962 doors a=1 b=1 c=0 AB=0 BC=1
STATE 20 truth=s00101 -> RESULT seq=21 cls32_idx=20 cls32_state=s00101 cls14=A1 second32_idx=22 second32_state=s01101 baseline=factory argmax_q=48 second_q=27 margin=21 infer_us=1893 cap_ms=1963 doors a=0 b=0 c=1 AB=0 BC=1
STATE 21 truth=s10101 -> RESULT seq=22 cls32_idx=17 cls32_state=s10001 cls14=A2 second32_idx=21 second32_state=s10101 baseline=factory argmax_q=89 second_q=82 margin=7 infer_us=1894 cap_ms=1962 doors a=1 b=0 c=0 AB=0 BC=1
STATE 22 truth=s01101 -> RESULT seq=23 cls32_idx=22 cls32_state=s01101 cls14=A1 second32_idx=18 second32_state=s01001 baseline=factory argmax_q=65 second_q=40 margin=25 infer_us=1893 cap_ms=1963 doors a=0 b=1 c=1 AB=0 BC=1
STATE 23 truth=s11101 -> RESULT seq=24 cls32_idx=19 cls32_state=s11001 cls14=A2 second32_idx=23 second32_state=s11101 baseline=factory argmax_q=48 second_q=41 margin=7 infer_us=1893 cap_ms=1962 doors a=1 b=1 c=0 AB=0 BC=1
STATE 24 truth=s00011 -> RESULT seq=25 cls32_idx=24 cls32_state=s00011 cls14=C1 second32_idx=8 second32_state=s00010 baseline=factory argmax_q=78 second_q=22 margin=56 infer_us=1893 cap_ms=1963 doors a=0 b=0 c=0 AB=1 BC=1
STATE 25 truth=s10011 -> RESULT seq=26 cls32_idx=25 cls32_state=s10011 cls14=C2 second32_idx=16 second32_state=s00001 baseline=factory argmax_q=108 second_q=21 margin=87 infer_us=1893 cap_ms=1963 doors a=1 b=0 c=0 AB=1 BC=1
STATE 26 truth=s01011 -> RESULT seq=27 cls32_idx=26 cls32_state=s01011 cls14=C3 second32_idx=10 second32_state=s01010 baseline=factory argmax_q=69 second_q=30 margin=39 infer_us=1893 cap_ms=1962 doors a=0 b=1 c=0 AB=1 BC=1
STATE 27 truth=s11011 -> RESULT seq=28 cls32_idx=27 cls32_state=s11011 cls14=C4 second32_idx=11 second32_state=s11010 baseline=factory argmax_q=87 second_q=17 margin=70 infer_us=1893 cap_ms=1962 doors a=1 b=1 c=0 AB=1 BC=1
STATE 28 truth=s00111 -> RESULT seq=29 cls32_idx=28 cls32_state=s00111 cls14=C5 second32_idx=24 second32_state=s00011 baseline=factory argmax_q=69 second_q=43 margin=26 infer_us=1893 cap_ms=1963 doors a=0 b=0 c=1 AB=1 BC=1
STATE 29 truth=s10111 -> RESULT seq=30 cls32_idx=29 cls32_state=s10111 cls14=C6 second32_idx=25 second32_state=s10011 baseline=factory argmax_q=87 second_q=32 margin=55 infer_us=1893 cap_ms=1963 doors a=1 b=0 c=1 AB=1 BC=1
STATE 30 truth=s01111 -> RESULT seq=31 cls32_idx=30 cls32_state=s01111 cls14=C7 second32_idx=14 second32_state=s01110 baseline=factory argmax_q=80 second_q=35 margin=45 infer_us=1893 cap_ms=1962 doors a=0 b=1 c=1 AB=1 BC=1
STATE 31 truth=s11111 -> RESULT seq=32 cls32_idx=31 cls32_state=s11111 cls14=C8 second32_idx=27 second32_state=s11011 baseline=factory argmax_q=83 second_q=24 margin=59 infer_us=1893 cap_ms=1963 doors a=1 b=1 c=1 AB=1 BC=1
[DONE]
