SETUP CLOSE ALL (initial)
CALIBRATE: capturing 10 frames at all-closed (silent ~25s)
CALIB_RESULT OK BL calibrated frames=10 mode=live bl_min=-78 bl_max=-28 bl_mean=-52 (dB, int rounded)
BL_LIVE OK BL mode=live
[BEGIN 32-state sweep with LIVE baseline]
STATE  0 truth=s00000 -> RESULT seq=34 cls32_idx=0 cls32_state=s00000 cls14=A1 second32_idx=4 second32_state=s00100 baseline=live argmax_q=107 second_q=67 margin=40 infer_us=1893 cap_ms=1963 doors a=0 b=0 c=0 AB=0 BC=0
STATE  1 truth=s10000 -> RESULT seq=35 cls32_idx=1 cls32_state=s10000 cls14=A2 second32_idx=17 second32_state=s10001 baseline=live argmax_q=54 second_q=36 margin=18 infer_us=1893 cap_ms=1963 doors a=1 b=0 c=0 AB=0 BC=0
STATE  2 truth=s01000 -> RESULT seq=36 cls32_idx=2 cls32_state=s01000 cls14=A1 second32_idx=6 second32_state=s01100 baseline=live argmax_q=71 second_q=47 margin=24 infer_us=1893 cap_ms=1963 doors a=0 b=1 c=0 AB=0 BC=0
STATE  3 truth=s11000 -> RESULT seq=37 cls32_idx=3 cls32_state=s11000 cls14=A2 second32_idx=1 second32_state=s10000 baseline=live argmax_q=37 second_q=14 margin=23 infer_us=1893 cap_ms=1962 doors a=1 b=1 c=0 AB=0 BC=0
STATE  4 truth=s00100 -> RESULT seq=38 cls32_idx=0 cls32_state=s00000 cls14=A1 second32_idx=4 second32_state=s00100 baseline=live argmax_q=81 second_q=65 margin=16 infer_us=1893 cap_ms=1963 doors a=0 b=0 c=0 AB=0 BC=0
STATE  5 truth=s10100 -> RESULT seq=39 cls32_idx=1 cls32_state=s10000 cls14=A2 second32_idx=17 second32_state=s10001 baseline=live argmax_q=43 second_q=22 margin=21 infer_us=1893 cap_ms=1962 doors a=1 b=0 c=0 AB=0 BC=0
STATE  6 truth=s01100 -> RESULT seq=40 cls32_idx=6 cls32_state=s01100 cls14=A1 second32_idx=2 second32_state=s01000 baseline=live argmax_q=70 second_q=49 margin=21 infer_us=1893 cap_ms=1963 doors a=0 b=1 c=1 AB=0 BC=0
STATE  7 truth=s11100 -> RESULT seq=41 cls32_idx=3 cls32_state=s11000 cls14=A2 second32_idx=7 second32_state=s11100 baseline=live argmax_q=26 second_q=2 margin=24 infer_us=1893 cap_ms=1963 doors a=1 b=1 c=0 AB=0 BC=0
STATE  8 truth=s00010 -> RESULT seq=42 cls32_idx=8 cls32_state=s00010 cls14=B1 second32_idx=12 second32_state=s00110 baseline=live argmax_q=2 second_q=-5 margin=7 infer_us=1893 cap_ms=1963 doors a=0 b=0 c=0 AB=1 BC=0
STATE  9 truth=s10010 -> RESULT seq=43 cls32_idx=9 cls32_state=s10010 cls14=B2 second32_idx=11 second32_state=s11010 baseline=live argmax_q=21 second_q=1 margin=20 infer_us=1893 cap_ms=1963 doors a=1 b=0 c=0 AB=1 BC=0
STATE 10 truth=s01010 -> RESULT seq=44 cls32_idx=10 cls32_state=s01010 cls14=B3 second32_idx=19 second32_state=s11001 baseline=live argmax_q=23 second_q=-7 margin=30 infer_us=1893 cap_ms=1962 doors a=0 b=1 c=0 AB=1 BC=0
STATE 11 truth=s11010 -> RESULT seq=45 cls32_idx=11 cls32_state=s11010 cls14=B4 second32_idx=9 second32_state=s10010 baseline=live argmax_q=41 second_q=4 margin=37 infer_us=1894 cap_ms=1963 doors a=1 b=1 c=0 AB=1 BC=0
STATE 12 truth=s00110 -> RESULT seq=46 cls32_idx=12 cls32_state=s00110 cls14=B1 second32_idx=14 second32_state=s01110 baseline=live argmax_q=14 second_q=-1 margin=15 infer_us=1893 cap_ms=1963 doors a=0 b=0 c=1 AB=1 BC=0
STATE 13 truth=s10110 -> RESULT seq=47 cls32_idx=13 cls32_state=s10110 cls14=B2 second32_idx=9 second32_state=s10010 baseline=live argmax_q=4 second_q=-13 margin=17 infer_us=1893 cap_ms=1963 doors a=1 b=0 c=1 AB=1 BC=0
STATE 14 truth=s01110 -> RESULT seq=48 cls32_idx=10 cls32_state=s01010 cls14=B3 second32_idx=26 second32_state=s01011 baseline=live argmax_q=14 second_q=-12 margin=26 infer_us=1893 cap_ms=1963 doors a=0 b=1 c=0 AB=1 BC=0
STATE 15 truth=s11110 -> RESULT seq=49 cls32_idx=11 cls32_state=s11010 cls14=B4 second32_idx=9 second32_state=s10010 baseline=live argmax_q=31 second_q=-2 margin=33 infer_us=1893 cap_ms=1963 doors a=1 b=1 c=0 AB=1 BC=0
STATE 16 truth=s00001 -> RESULT seq=50 cls32_idx=4 cls32_state=s00100 cls14=A1 second32_idx=6 second32_state=s01100 baseline=live argmax_q=32 second_q=11 margin=21 infer_us=1893 cap_ms=1963 doors a=0 b=0 c=1 AB=0 BC=0
STATE 17 truth=s10001 -> RESULT seq=51 cls32_idx=17 cls32_state=s10001 cls14=A2 second32_idx=1 second32_state=s10000 baseline=live argmax_q=33 second_q=6 margin=27 infer_us=1893 cap_ms=1963 doors a=1 b=0 c=0 AB=0 BC=1
STATE 18 truth=s01001 -> RESULT seq=52 cls32_idx=6 cls32_state=s01100 cls14=A1 second32_idx=4 second32_state=s00100 baseline=live argmax_q=16 second_q=0 margin=16 infer_us=1893 cap_ms=1962 doors a=0 b=1 c=1 AB=0 BC=0
STATE 19 truth=s11001 -> RESULT seq=53 cls32_idx=3 cls32_state=s11000 cls14=A2 second32_idx=19 second32_state=s11001 baseline=live argmax_q=17 second_q=13 margin=4 infer_us=1893 cap_ms=1963 doors a=1 b=1 c=0 AB=0 BC=0
STATE 20 truth=s00101 -> RESULT seq=54 cls32_idx=6 cls32_state=s01100 cls14=A1 second32_idx=4 second32_state=s00100 baseline=live argmax_q=34 second_q=27 margin=7 infer_us=1893 cap_ms=1962 doors a=0 b=1 c=1 AB=0 BC=0
STATE 21 truth=s10101 -> RESULT seq=55 cls32_idx=17 cls32_state=s10001 cls14=A2 second32_idx=21 second32_state=s10101 baseline=live argmax_q=-4 second_q=-7 margin=3 infer_us=1893 cap_ms=1963 doors a=1 b=0 c=0 AB=0 BC=1
STATE 22 truth=s01101 -> RESULT seq=56 cls32_idx=6 cls32_state=s01100 cls14=A1 second32_idx=22 second32_state=s01101 baseline=live argmax_q=43 second_q=4 margin=39 infer_us=1893 cap_ms=1963 doors a=0 b=1 c=1 AB=0 BC=0
STATE 23 truth=s11101 -> RESULT seq=57 cls32_idx=7 cls32_state=s11100 cls14=A2 second32_idx=3 second32_state=s11000 baseline=live argmax_q=6 second_q=-1 margin=7 infer_us=1893 cap_ms=1962 doors a=1 b=1 c=1 AB=0 BC=0
STATE 24 truth=s00011 -> RESULT seq=58 cls32_idx=24 cls32_state=s00011 cls14=C1 second32_idx=26 second32_state=s01011 baseline=live argmax_q=11 second_q=3 margin=8 infer_us=1893 cap_ms=1962 doors a=0 b=0 c=0 AB=1 BC=1
STATE 25 truth=s10011 -> RESULT seq=59 cls32_idx=29 cls32_state=s10111 cls14=C6 second32_idx=25 second32_state=s10011 baseline=live argmax_q=7 second_q=2 margin=5 infer_us=1893 cap_ms=1962 doors a=1 b=0 c=1 AB=1 BC=1
STATE 26 truth=s01011 -> RESULT seq=60 cls32_idx=26 cls32_state=s01011 cls14=C3 second32_idx=3 second32_state=s11000 baseline=live argmax_q=22 second_q=-6 margin=28 infer_us=1893 cap_ms=1963 doors a=0 b=1 c=0 AB=1 BC=1
STATE 27 truth=s11011 -> RESULT seq=61 cls32_idx=27 cls32_state=s11011 cls14=C4 second32_idx=7 second32_state=s11100 baseline=live argmax_q=5 second_q=-13 margin=18 infer_us=1893 cap_ms=1963 doors a=1 b=1 c=0 AB=1 BC=1
STATE 28 truth=s00111 -> RESULT seq=62 cls32_idx=28 cls32_state=s00111 cls14=C5 second32_idx=29 second32_state=s10111 baseline=live argmax_q=12 second_q=-7 margin=19 infer_us=1893 cap_ms=1962 doors a=0 b=0 c=1 AB=1 BC=1
STATE 29 truth=s10111 -> RESULT seq=63 cls32_idx=29 cls32_state=s10111 cls14=C6 second32_idx=31 second32_state=s11111 baseline=live argmax_q=37 second_q=11 margin=26 infer_us=1893 cap_ms=1963 doors a=1 b=0 c=1 AB=1 BC=1
STATE 30 truth=s01111 -> RESULT seq=64 cls32_idx=30 cls32_state=s01111 cls14=C7 second32_idx=10 second32_state=s01010 baseline=live argmax_q=-6 second_q=-13 margin=7 infer_us=1893 cap_ms=1963 doors a=0 b=1 c=1 AB=1 BC=1
STATE 31 truth=s11111 -> RESULT seq=65 cls32_idx=31 cls32_state=s11111 cls14=C8 second32_idx=7 second32_state=s11100 baseline=live argmax_q=28 second_q=1 margin=27 infer_us=1893 cap_ms=1962 doors a=1 b=1 c=1 AB=1 BC=1
[DONE 32-state sweep]
